../Core/Src/main.c:91:5:main	136	static
../Core/Src/main.c:168:6:SystemClock_Config	88	static
../Core/Src/main.c:216:13:MX_ADC1_Init	24	static
../Core/Src/main.c:295:13:MX_I2C1_Init	8	static
../Core/Src/main.c:329:13:MX_TIM2_Init	48	static
../Core/Src/main.c:382:13:MX_TIM3_Init	64	static
../Core/Src/main.c:445:13:MX_TIM4_Init	64	static
../Core/Src/main.c:504:13:MX_TIM8_Init	96	static
../Core/Src/main.c:579:13:MX_UART4_Init	8	static
../Core/Src/main.c:612:13:MX_USART2_UART_Init	8	static
../Core/Src/main.c:643:13:MX_DMA_Init	16	static
../Core/Src/main.c:661:13:MX_GPIO_Init	40	static
../Core/Src/main.c:706:6:Error_Handler	4	static,ignoring_inline_asm
