../Core/Src/main.c:77:5:main	16	static
../Core/Src/main.c:139:6:SystemClock_Config	88	static
../Core/Src/main.c:187:13:MX_ADC1_Init	24	static
../Core/Src/main.c:239:13:MX_I2C1_Init	8	static
../Core/Src/main.c:273:13:MX_TIM2_Init	48	static
../Core/Src/main.c:334:13:MX_TIM3_Init	48	static
../Core/Src/main.c:387:13:MX_TIM4_Init	48	static
../Core/Src/main.c:436:13:MX_TIM14_Init	40	static
../Core/Src/main.c:482:13:MX_GPIO_Init	48	static
../Core/Src/main.c:518:6:Error_Handler	4	static,ignoring_inline_asm
